mode: atomic
github.com/dhimas/goultroid/internal/app/app.go:28.2,28.16 1 2
github.com/dhimas/goultroid/internal/app/app.go:29.3,30.1 1 1
github.com/dhimas/goultroid/internal/app/app.go:33.2,34.22 2 1
github.com/dhimas/goultroid/internal/app/app.go:36.3,36.28 1 1
github.com/dhimas/goultroid/internal/app/app.go:38.3,38.27 1 0
github.com/dhimas/goultroid/internal/app/app.go:40.3,40.28 1 0
github.com/dhimas/goultroid/internal/app/app.go:42.3,42.27 1 0
github.com/dhimas/goultroid/internal/app/app.go:45.2,48.16 4 1
github.com/dhimas/goultroid/internal/app/app.go:49.3,50.1 1 0
github.com/dhimas/goultroid/internal/app/app.go:53.2,55.1 6 1
github.com/dhimas/goultroid/internal/app/app.go:57.2,58.1 6 1
github.com/dhimas/goultroid/internal/app/app.go:60.2,62.16 6 1
github.com/dhimas/goultroid/internal/app/app.go:63.3,64.1 1 0
github.com/dhimas/goultroid/internal/app/app.go:67.2,67.49 1 1
github.com/dhimas/goultroid/internal/app/app.go:68.3,69.1 1 0
github.com/dhimas/goultroid/internal/app/app.go:70.2,70.55 1 1
github.com/dhimas/goultroid/internal/app/app.go:71.3,72.1 1 0
github.com/dhimas/goultroid/internal/app/app.go:74.2,80.8 1 1
github.com/dhimas/goultroid/internal/app/app.go:85.2,87.1 2 0
github.com/dhimas/goultroid/internal/app/app.go:91.2,92.45 2 1
github.com/dhimas/goultroid/internal/app/app.go:93.3,94.1 1 0
github.com/dhimas/goultroid/internal/app/app.go:95.2,96.12 2 1
